  姝ｅ湪纭畾瑕佽繕鍘熺殑椤圭洰鈥?
  宸茶繕鍘?C:\Users\Administrator\GIT\YoutubeExplode\YoutubeCrawlerWPF\YoutubeCrawlerWPF.csproj (鐢ㄦ椂 287 姣)銆?
C:\Users\Administrator\GIT\YoutubeExplode\YoutubeCrawlerWPF\MainWindow.xaml(72,42): error MC3072: XML 鍛藉悕绌洪棿鈥渉ttp://schemas.microsoft.com/winfx/2006/xaml/presentation鈥濅腑涓嶅瓨鍦ㄥ睘鎬р€淧laceholderText鈥濄€?琛?72 浣嶇疆 42. [C:\Users\Administrator\GIT\YoutubeExplode\YoutubeCrawlerWPF\YoutubeCrawlerWPF.csproj]

鐢熸垚澶辫触銆?

C:\Users\Administrator\GIT\YoutubeExplode\YoutubeCrawlerWPF\MainWindow.xaml(72,42): error MC3072: XML 鍛藉悕绌洪棿鈥渉ttp://schemas.microsoft.com/winfx/2006/xaml/presentation鈥濅腑涓嶅瓨鍦ㄥ睘鎬р€淧laceholderText鈥濄€?琛?72 浣嶇疆 42. [C:\Users\Administrator\GIT\YoutubeExplode\YoutubeCrawlerWPF\YoutubeCrawlerWPF.csproj]
    0 涓鍛?
    1 涓敊璇?

宸茬敤鏃堕棿 00:00:01.38
